2022-02-17 10:11:48,773:3
2022-02-17 10:12:30,465:3
2022-02-17 10:15:45,133:3
